// Jest Snapshot v1, https://goo.gl/fbAQLP

exports[`Pruebas en el <LoginScreen/> Debe hacer el Snapshot del componente 1`] = `
Object {
  "asFragment": [Function],
  "baseElement": <body>
    <div>
      <div>
        <h1
          class="auth__title"
        >
          Login
        </h1>
        <form
          class="animate__animated animate__fadeIn animated__fater"
        >
          <input
            autocomplete="off"
            class="auth__input"
            name="email"
            placeholder="Email"
            type="text"
            value=""
          />
          <input
            autocomplete="off"
            class="auth__input"
            name="password"
            placeholder="Password"
            type="password"
            value=""
          />
          <button
            class="btn btn-primary btn-block"
            data-testid="btnLogin"
            type="submit"
          >
            Login
          </button>
          <hr />
          <div
            class="auth__social-netwoeks"
          >
            <p>
              Login with social network
            </p>
            <div
              class="google-btn"
              data-testid="withGoogle"
            >
              <div
                class="google-icon-wrapper"
              >
                <img
                  alt="google button"
                  class="google-icon"
                  src="https://upload.wikimedia.org/wikipedia/commons/5/53/Google_%22G%22_Logo.svg"
                />
              </div>
              <p
                class="btn-text"
              >
                <b>
                  Sign in with google
                </b>
              </p>
            </div>
          </div>
          <a
            class="link"
            href="/auth/register"
          >
            Create new account
          </a>
        </form>
      </div>
    </div>
  </body>,
  "container": <div>
    <div>
      <h1
        class="auth__title"
      >
        Login
      </h1>
      <form
        class="animate__animated animate__fadeIn animated__fater"
      >
        <input
          autocomplete="off"
          class="auth__input"
          name="email"
          placeholder="Email"
          type="text"
          value=""
        />
        <input
          autocomplete="off"
          class="auth__input"
          name="password"
          placeholder="Password"
          type="password"
          value=""
        />
        <button
          class="btn btn-primary btn-block"
          data-testid="btnLogin"
          type="submit"
        >
          Login
        </button>
        <hr />
        <div
          class="auth__social-netwoeks"
        >
          <p>
            Login with social network
          </p>
          <div
            class="google-btn"
            data-testid="withGoogle"
          >
            <div
              class="google-icon-wrapper"
            >
              <img
                alt="google button"
                class="google-icon"
                src="https://upload.wikimedia.org/wikipedia/commons/5/53/Google_%22G%22_Logo.svg"
              />
            </div>
            <p
              class="btn-text"
            >
              <b>
                Sign in with google
              </b>
            </p>
          </div>
        </div>
        <a
          class="link"
          href="/auth/register"
        >
          Create new account
        </a>
      </form>
    </div>
  </div>,
  "debug": [Function],
  "findAllByAltText": [Function],
  "findAllByDisplayValue": [Function],
  "findAllByLabelText": [Function],
  "findAllByPlaceholderText": [Function],
  "findAllByRole": [Function],
  "findAllByTestId": [Function],
  "findAllByText": [Function],
  "findAllByTitle": [Function],
  "findByAltText": [Function],
  "findByDisplayValue": [Function],
  "findByLabelText": [Function],
  "findByPlaceholderText": [Function],
  "findByRole": [Function],
  "findByTestId": [Function],
  "findByText": [Function],
  "findByTitle": [Function],
  "getAllByAltText": [Function],
  "getAllByDisplayValue": [Function],
  "getAllByLabelText": [Function],
  "getAllByPlaceholderText": [Function],
  "getAllByRole": [Function],
  "getAllByTestId": [Function],
  "getAllByText": [Function],
  "getAllByTitle": [Function],
  "getByAltText": [Function],
  "getByDisplayValue": [Function],
  "getByLabelText": [Function],
  "getByPlaceholderText": [Function],
  "getByRole": [Function],
  "getByTestId": [Function],
  "getByText": [Function],
  "getByTitle": [Function],
  "queryAllByAltText": [Function],
  "queryAllByDisplayValue": [Function],
  "queryAllByLabelText": [Function],
  "queryAllByPlaceholderText": [Function],
  "queryAllByRole": [Function],
  "queryAllByTestId": [Function],
  "queryAllByText": [Function],
  "queryAllByTitle": [Function],
  "queryByAltText": [Function],
  "queryByDisplayValue": [Function],
  "queryByLabelText": [Function],
  "queryByPlaceholderText": [Function],
  "queryByRole": [Function],
  "queryByTestId": [Function],
  "queryByText": [Function],
  "queryByTitle": [Function],
  "rerender": [Function],
  "unmount": [Function],
}
`;
